[megaconbeton.netlify.app/index.html]
[backblue.gif]
[fade.gif]
[index.html]
[megaconbeton.netlify.app/images/logompfavicon.png]
[megaconbeton.netlify.app/css/animate.css]
[megaconbeton.netlify.app/css/icomoon.css]
[megaconbeton.netlify.app/css/themify-icons.css]
[megaconbeton.netlify.app/css/bootstrap.css]
[megaconbeton.netlify.app/css/magnific-popup.css]
[megaconbeton.netlify.app/css/owl.carousel.min.css]
[megaconbeton.netlify.app/css/owl.theme.default.min.css]
[megaconbeton.netlify.app/css/style.css]
[megaconbeton.netlify.app/js/modernizr-2.6.2.min.js]
[megaconbeton.netlify.app/index-2.html]
[megaconbeton.netlify.app/about.html]
[megaconbeton.netlify.app/services.html]
[megaconbeton.netlify.app/produk-uditch.html]
[megaconbeton.netlify.app/produk-coveruditch.html]
[megaconbeton.netlify.app/produk-kanstin.html]
[megaconbeton.netlify.app/produk-boxculvert.html]
[megaconbeton.netlify.app/produk-pagarpanelbeton.html]
[megaconbeton.netlify.app/produk-pipadrainase.12.delayed]
[megaconbeton.netlify.app/produk-pipabeton.html]
[megaconbeton.netlify.app/produk-roadbarrier.14.delayed]
[megaconbeton.netlify.app/produk-sheetpile.html]
[megaconbeton.netlify.app/produk-tiangpancang.html]
[megaconbeton.netlify.app/images/hd.jpg]
[megaconbeton.netlify.app/images/box-culvert.jpg]
[megaconbeton.netlify.app/images/u-ditch.jpg]
[megaconbeton.netlify.app/images/cover-uditch.jpg]
[megaconbeton.netlify.app/images/sheetpile.jpg]
[megaconbeton.netlify.app/images/kanstin.jpg]
[megaconbeton.netlify.app/images/pipapancang.jpg]
[megaconbeton.netlify.app/images/pagar-beton.jpg]
[megaconbeton.netlify.app/images/pipabeton.jpg]
[megaconbeton.netlify.app/images/pipadrainase.jpg]
[megaconbeton.netlify.app/images/roadbarrier.jpg]
[megaconbeton.netlify.app/images/1_20110812_15162541_.jpg]
[megaconbeton.netlify.app/images/barrier.jpg]
[megaconbeton.netlify.app/images/HK-Box-Culvert-5.jpg]
[megaconbeton.netlify.app/images/box-culvert-2.jpg]
[megaconbeton.netlify.app/images/box-culvert-9.jpg]
[megaconbeton.netlify.app/images/DSC00836.jpg]
[megaconbeton.netlify.app/images/f05023589832715.jpg]
[megaconbeton.netlify.app/images/uditch-beton-saluran.jpg]
[megaconbeton.netlify.app/images/injeksi-beton-6-960x400_c.jpg]
[megaconbeton.netlify.app/images/jual-pagar-panel-semarang.jpg]
[megaconbeton.netlify.app/www.megaconbeton.2c.delayed]
[megaconbeton.netlify.app/js/jquery.min.js]
[megaconbeton.netlify.app/js/jquery.easing.1.3.js]
[megaconbeton.netlify.app/js/bootstrap.min.js]
[megaconbeton.netlify.app/js/jquery.waypoints.min.js]
[megaconbeton.netlify.app/js/owl.carousel.min.js]
[megaconbeton.netlify.app/js/jquery.countTo.js]
[megaconbeton.netlify.app/js/jquery.magnific-popup.min.js]
[megaconbeton.netlify.app/js/magnific-popup-options.js]
[megaconbeton.netlify.app/index.html]
[megaconbeton.netlify.app/css/animate.css]
[megaconbeton.netlify.app/js/main.js]
[megaconbeton.netlify.app/fonts/icomoon/icomoonb103.eot]
[megaconbeton.netlify.app/fonts/icomoon/icomoonb103.ttf]
[megaconbeton.netlify.app/fonts/icomoon/icomoonb103.woff]
[megaconbeton.netlify.app/css/icomoon.css]
[megaconbeton.netlify.app/fonts/icomoon/icomoonb103.svg]
[megaconbeton.netlify.app/fonts/themify-icons/themify9f24.eot]
[megaconbeton.netlify.app/fonts/themify-icons/themifyd41d.eot]
[megaconbeton.netlify.app/fonts/themify-icons/themify9f24.woff]
[megaconbeton.netlify.app/fonts/themify-icons/themify9f24.ttf]
[megaconbeton.netlify.app/css/themify-icons.css]
[megaconbeton.netlify.app/css/bootstrap.css]
[megaconbeton.netlify.app/css/magnific-popup.css]
[megaconbeton.netlify.app/fonts/themify-icons/themify9f24.svg]
[megaconbeton.netlify.app/css/owl.video.play.3f.delayed]
[megaconbeton.netlify.app/css/owl.carousel.min.css]
[megaconbeton.netlify.app/css/owl.theme.default.min.css]
[megaconbeton.netlify.app/fonts/icomoon/icomoona57c.eot]
[megaconbeton.netlify.app/fonts/icomoon/icomoona57c.ttf]
[megaconbeton.netlify.app/fonts/icomoon/icomoona57c.woff]
[megaconbeton.netlify.app/fonts/icomoon/icomoona57c.svg]
[megaconbeton.netlify.app/images/loader.gif]
[megaconbeton.netlify.app/css/style.css]
[megaconbeton.netlify.app/index-2.html]
[megaconbeton.netlify.app/about.html]
[megaconbeton.netlify.app/images/img_bg_1.jpg]
[megaconbeton.netlify.app/services.html]
[2.bp.blogspot.com/-Vbp5-JfBRgc/WkRfzfbJqrI/AAAAAAAABn8/Y-12qiZwwa4t0RU7byCCes6WVf_g0bNIACLcBGAs/s320/1_20110812_15162541_.jpg]
[4.bp.blogspot.com/-QDPNq2lGziM/WkRf0T1JfSI/AAAAAAAABoI/txKkVqFzl7Q8xn5n9MM2DdswAWzW3pAAgCLcBGAs/s320/IMG-20161214-WA0062.jpg]
[megaconbeton.netlify.app/produk-uditch.html]
[4.bp.blogspot.com/-rX2eX4b_RWE/WkRf2ssI9cI/AAAAAAAABog/vM65d9V8BCkfNXnKXVTTjl4LP-Txy0VyACLcBGAs/s1600/tutup-cover-uditch-beton-300x225.jpg]
[megaconbeton.netlify.app/produk-coveruditch.html]
[3.bp.blogspot.com/-pOrl5MUqz1E/WkR3MmYQq5I/AAAAAAAAA24/0xHc2BDa7UEI1KASXMsYeoEVq6-YyoebwCLcBGAs/s1600/kanstin11.jpg]
[3.bp.blogspot.com/-a22L-q1ZsIM/WkR3LWWSroI/AAAAAAAAA2w/G1DIHDryWN4Dhe49sQrR2jK8aruMzczFwCLcBGAs/s1600/kanstin1.jpg]
[megaconbeton.netlify.app/produk-kanstin.html]
[megaconbeton.netlify.app/produk-boxculvert.html]
[4.bp.blogspot.com/-NMYo-GHjj1s/WkSDVfnMlEI/AAAAAAAAA4U/EU7qs9oFpZcvEjFV9CnlarRMR48Kd2khQCLcBGAs/s1600/pagar6.jpg]
[4.bp.blogspot.com/-0cW2sxmAf_A/WkSDSf-Nh4I/AAAAAAAAA34/xrCh-TLOYsMHCcn4vhK5gKjajQqHmbgnQCLcBGAs/s1600/pagar11.jpg]
[1.bp.blogspot.com/-gMUodBBGv8Q/WkSDT4yPujI/AAAAAAAAA4E/CvZadqGWLuQ686wQJ9N3neDZVP3RiF18wCLcBGAs/s1600/pagar2.jpg]
[megaconbeton.netlify.app/produk-pagarpanelbeton.html]
[megaconbeton.netlify.app/produk-pipadrainase.html]
[2.bp.blogspot.com/-IIJdIlGYlbo/WkRm6fwf1CI/AAAAAAAABpI/sw9UV2UrtkMy0HuR_Kcn2ctWmUwhvGl4ACLcBGAs/s320/Produksi-Beton-Gorong-Gorong-091115-Um-1.jpg]
[2.bp.blogspot.com/-wPyjszRjQxk/WkRm5DVgAzI/AAAAAAAABo8/mVFbe_Hi2A0U_5ZPm3eo2MbNuB2jN_CrACLcBGAs/s320/3dbac7e519c34337f93ea407f1807a4c.jpg]
[megaconbeton.netlify.app/produk-pipabeton.html]
[megaconbeton.netlify.app/produk-roadbarrier.html]
[3.bp.blogspot.com/-WnS9DxzFMsM/WkSGgTDHyOI/AAAAAAAAA5E/AAu23n7P87MKlqL-7CFqSvtWtFK84_uAACLcBGAs/s1600/sheet-pile-beton-15.jpg]
[4.bp.blogspot.com/-JraabTSE9ag/WkSGayvmGvI/AAAAAAAAA44/fjPfTbfuiKMfUzNdoRsf-MavRPyWl73ngCLcBGAs/s1600/sheet-pile-beton-13.jpg]
[megaconbeton.netlify.app/produk-sheetpile.html]
[1.bp.blogspot.com/-19ADnLcUfQk/WkRZvhBPDxI/AAAAAAAABnc/y3LegEHSLnQtz9F0tVVdhkWOoUP2Q9SGQCLcBGAs/s320/spun_piles.jpg]
[4.bp.blogspot.com/-ddNQg3Qb-Bw/WkRZsgHw5YI/AAAAAAAABnE/HPJXianENZEfbqf3Babi1SUIAYAFU6IQACLcBGAs/s320/pondasi-tiang-pancang-pracetak-precast-megacon-beton-com-12-1170x600.jpg]
[1.bp.blogspot.com/-Xsep-c1I0rA/WkRZu3Pz5aI/AAAAAAAABnM/vaOzaG3j5gEK5E3PVzzuLxzVX7iMfh0sQCLcBGAs/s320/U5drmzJRgWmghLtd1feKDXeDB7DSPeH_1680x8400.jpg]
[megaconbeton.netlify.app/produk-tiangpancang.html]
[megaconbeton.netlify.app/www.megaconbeton.html]
[megaconbeton.netlify.app/fonts/icomoon/icomoonb103.svg]
[megaconbeton.netlify.app/fonts/themify-icons/themify9f24.svg]
[megaconbeton.netlify.app/css/owl.video.play.html]
[megaconbeton.netlify.app/fonts/icomoon/icomoona57c.svg]
